// Vitest Snapshot v1

exports[`Should return translations for calls & admin in EN 1`] = `
{
  "Calls": {
    "911CallCreated": "Successfully created the 911 call.",
    "active911Calls": "Active 911 Calls",
    "addEvent": "Add Event",
    "alert_deleteCallEvent": "Are you sure you want to delete this event? This action cannot be undone.",
    "alert_end911Call": "Are you sure you want to end this call?",
    "alert_endTowCall": "Are you sure you want to end this call?",
    "alert_purgeSelectedCalls": "Are you sure you want to purge {length} item(s)? This will delete {length} item(s) from the database. This action cannot be undone.",
    "assignToCall": "Assign to call",
    "assignedUnit": "Assigned Unit",
    "assignedUnits": "Assigned Units",
    "callEvents": "Call Events",
    "callFilters": "Call Filters",
    "callTow": "Call Tow",
    "caller": "Caller",
    "citizen": "Citizen",
    "create911Call": "Create 911 call",
    "createTaxiCall": "Create taxi call",
    "createTowCall": "Create tow call",
    "deleteCallEvent": "Delete Event",
    "deliveryAddress": "Delivery Address",
    "departments": "Departments",
    "divisions": "Divisions",
    "editTaxiCall": "Edit taxi call",
    "editTowCall": "Edit tow call",
    "end911Call": "End 911 Call",
    "endCall": "End Call",
    "location": "Location",
    "manage911Call": "Manage 911 call",
    "no911Calls": "There are no 911 calls yet.",
    "noEvents": "This call does not have any events",
    "noTaxiCalls": "There are no taxi calls yet.",
    "noTowCalls": "There are no tow calls yet.",
    "postal": "Postal",
    "purge": "Purge",
    "purgeSelected": "Purge selected",
    "purgeSelectedCalls": "Purge selected calls",
    "removeMarker": "Remove marker",
    "selectCitizen": "Select citizen",
    "selectUnit": "Select Unit",
    "setMarker": "Set marker",
    "situationCode": "Situation Code",
    "taxi": "Taxi",
    "taxiCallCreated": "Successfully created the taxi call.",
    "toggleCall": "Toggle call",
    "tow": "Tow",
    "towCallCreated": "Successfully created the tow call.",
    "towLogs": "Tow Logs",
    "unassignFromCall": "Unassign from call",
    "viewEvents": "View Events",
  },
  "Common": {
    "accept": "Accept",
    "actions": "Actions",
    "cancel": "Cancel",
    "categories": "Categories",
    "citizen": "Citizen",
    "continue": "Continue",
    "create": "Create",
    "createdAt": "Created At",
    "crop": "Crop",
    "cropImage": "Crop Image",
    "decline": "Decline",
    "delete": "Delete",
    "description": "Description",
    "disabled": "Disabled",
    "edit": "Edit",
    "enabled": "Enabled",
    "error": "An unexpected error occurred",
    "events": "Events",
    "filters": "Filters",
    "goBack": "Go back",
    "hide": "Hide",
    "image": "Image",
    "imgur": "Imgur URL",
    "insufficientPermissions": "Insufficient Permissions",
    "manage": "Manage",
    "name": "Name",
    "no": "No",
    "noOptions": "No Options",
    "none": "None",
    "off": "Off",
    "on": "On",
    "openInSearch": "Open in search",
    "optionalField": "Optional",
    "postal": "Postal",
    "reason": "Reason",
    "reset": "Reset",
    "roleplayStopped": "Admins issued all players to stop all roleplay.",
    "save": "Save",
    "search": "Search",
    "show": "Show",
    "stopRoleplay": "Stop Roleplay",
    "success": "Success",
    "title": "Title",
    "type": "Type",
    "updatedAt": "Updated At",
    "view": "View",
    "viewDescription": "View description",
    "yes": "Yes",
  },
  "Errors": {
    "Error": "An unexpected error occurred. Please report this issue to an administrator or try again later.",
    "Invalid Permissions": "You don't have permissions to access this API Route.",
    "NOT_FOUND": "The requested item or page was not found. Please try refreshing the page or try again later.",
    "Network Error": "Could not reach the API due to a network error. Make sure that the API is online and that you are connected to the internet.",
    "allowRegularLoginIsDisabled": "Regular login is disabled. Please use Discord OAuth instead",
    "alreadyInThisBusiness": "You are already an employee at this business.",
    "alreadyPendingNameChange": "This citizen already has a pending name change request.",
    "businessCreatedButPending": "The business has been created successfully but is still awaiting approval to be used. It must be approved by an administrator.",
    "businessIsPending": "This business is still awaiting approval to be used. Try again later",
    "cannotRegisterFirstWithDiscord": "The first account must be registered without Discord. You can link Discord once the account is created.",
    "citizenNotFound": "That citizen was not found",
    "currentPasswordIncorrect": "Current password is incorrect",
    "dateLargerThanNow": "Please provide a date smaller than the current date.",
    "discordAccountAlreadyLinked": "This Discord account is already linked to another account.",
    "discordIdInUse": "This discord ID is already connected to a different account.",
    "discordNameInUse": "Could not create a new account with Discord since the username is already in-use.",
    "divisionNotInDepartment": "This division does not exist in this department.",
    "insufficientPermissions": "Insufficient Permissions",
    "invalidImageType": "Only types image/png, image/jpeg, image/jpg and image/gif are supported",
    "invalidRegistrationCode": "The registration code you provided is invalid.",
    "maxBusinessesLength": "You have reached the maximum limit of businesses per citizen.",
    "maxCitizensPerUserReached": "This user reached the maximum limit of citizens.",
    "maxDepartmentsReachedPerUser": "You've reached the max set of units with this department. Please choose a different department or try again later.",
    "maxDivisionsReached": "This officer reached the maximum limit of divisions per officer.",
    "maxLimitOfficersPerUserReached": "This user reached the maximum limit of officers.",
    "mustSetBotTokenGuildId": "This feature cannot be used because there was no \`BOT_TOKEN\` or \`GUILD_ID\` present. Please read how to enable Discord Roles: https://cad-docs.caspertheghost.me/docs/discord-integration/discord-roles",
    "nameAlreadyTaken": "A citizen with that full name is already in use.",
    "nameChangeRequestNotNew": "To create a name change request, the new name cannot match the previous name.",
    "notFound": "The requested item was not found.",
    "officerAlreadyMerged": "This unit is already marked as a combined unit.",
    "officerIsCombined": "This officer is marked as combined unit and cannot be used individually right now.",
    "passwordIncorrect": "The password you entered was not correct.",
    "passwordsDoNotMatch": "Passwords do not match",
    "plateAlreadyInUse": "That plate is already being used on a vehicle.",
    "recordOrWarrantAlreadyLinked": "A record or a warrant has already been requested. Please remove the already requested record/warrant.",
    "selectImageFirst": "You must first select an image.",
    "totpCodeRequired": "Please enter your 2FA code",
    "unitSuspended": "This unit is suspended. Please contact your supervisor.",
    "unknown": "An unexpected error occurred",
    "userAlreadyExists": "A user with that username already exists.",
    "userBanned": "This account is banned from this CAD.",
    "userDeleted": "This account has been deleted from this CAD.",
    "userNotFound": "That user was not found.",
    "whitelistDeclined": "This account was declined access to the CAD.",
    "whitelistPending": "This account is still pending access to the CAD.",
  },
  "Management": {
    "FEATURES": "Features",
    "GENERAL_SETTINGS": "General Settings",
    "IMPORT_CITIZENS": "Import Citizens",
    "IMPORT_VEHICLES": "Import Vehicles",
    "IMPORT_WEAPONS": "Import Weapons",
    "MANAGE_BUSINESSES": "Manage Businesses",
    "MANAGE_CAD_SETTINGS": "CAD Settings",
    "MANAGE_CITIZENS": "Manage Citizens",
    "MANAGE_EXPUNGEMENT_REQUESTS": "Manage Expungement Requests",
    "MANAGE_NAME_CHANGE_REQUESTS": "Manage Name Change Requests",
    "MANAGE_UNITS": "Manage Units",
    "MANAGE_USERS": "Manage Users",
    "MISC_SETTINGS": "Misc Settings",
    "action": "Action",
    "adminDashboard": "Admin Dashboard",
    "alert_deleteBusiness": "Are you sure you want to delete this <span>{name}</span>? All it's data will be lost. This action cannot be undone.",
    "allBusinesses": "All Businesses",
    "allUnits": "All Units",
    "allUsers": "All Users",
    "continue": "Yes, continue.",
    "declineOfficer": "Decline Officer",
    "deleteBusiness": "Delete Business",
    "departmentWhitelisting": "Department Whitelisting ({length})",
    "giveTempPassword": "Give Temporary Password",
    "import": "Import",
    "importViaFile": "Import via file",
    "inBolo": "In BOLO",
    "info_pendingBusinesses": "These are created businesses that are awaiting approval to be used. Accept or decline them.",
    "management": "Management",
    "noBusinesses": "There are no businesses for this CAD yet.",
    "noCitizens": "There are no citizens for this CAD yet.",
    "noPendingOfficers": "There are no officers pending access to a department.",
    "owner": "Owner",
    "pendingBusinesses": "Pending Businesses",
    "pendingUsers": "Pending Users",
    "reGenerateToken": "Re-generate Token",
    "status": "Status",
    "user": "User",
    "viewInfo": "View Info",
    "whitelisted": "Whitelisted",
  },
  "Nav": {
    "account": "Account",
    "admin": "Admin",
    "bleeter": "Bleeter",
    "business": "Business",
    "callHistory": "Call History",
    "citizen": "Citizen",
    "citizenLogs": "Citizen Logs",
    "citizens": "Citizens",
    "courthouse": "Courthouse",
    "dashboard": "Dashboard",
    "dispatch": "Dispatch",
    "emsFd": "EMS/FD",
    "impoundLot": "Impound Lot",
    "incidents": "Incidents",
    "jail": "Jail",
    "liveMap": "Live Map",
    "login": "Login",
    "logout": "Logout",
    "manageUnits": "Manage Units",
    "myDeputies": "My Deputies",
    "myOfficerLogs": "My Officer Logs",
    "myOfficers": "My Officers",
    "officer": "Officer",
    "register": "Register",
    "taxi": "Taxi",
    "tow": "Tow",
    "towLogs": "Tow Logs",
    "truckLogs": "Truck Logs",
  },
}
`;

exports[`Should return translations for citizen in RU 1`] = `
{
  "Citizen": {
    "address": "Адрес",
    "age": "Возраст",
    "alert_deleteCitizen": "Вы уверены, что хотите удалить <span>{citizen}</span>? Это действие необратимо.",
    "ccw": "Лицензия на скрытое ношение оружия",
    "citizen": "Гражданин",
    "citizens": "Граждане",
    "create911Call": "Вызвать 911",
    "createCitizen": "Создать гражданина",
    "createTaxiCall": "Вызвать такси",
    "createTowCall": "Вызвать эвакуатор",
    "dateOfBirth": "Дата рождения",
    "deleteCitizen": "Удалить",
    "driversLicense": "Водительская лицензия",
    "driversLicenseCategory": "Категории водительской лицензии",
    "editCitizen": "Редактировать",
    "ethnicity": "Этническая принадлежность",
    "eyeColor": "Цвет глаз",
    "fullName": "Полное имя",
    "gender": "Пол",
    "hairColor": "Цвет волос",
    "height": "Рост",
    "image": "Фото",
    "licenses": "Лицензии",
    "manageLicenses": "Управление лицензиями",
    "manageOccupation": "Редактировать род занятий",
    "name": "Имя",
    "occupation": "Род занятий",
    "phoneNumber": "Номер телефона",
    "pilotLicense": "Летная лицензия",
    "pilotLicenseCategory": "Категории летной лицензии",
    "registerVehicle": "Зарегистрировать транспорт",
    "registerWeapon": "Зарегистрировать оружие",
    "socialSecurityNumber": "Номер социального страхования",
    "surname": "Фамилия",
    "userNoCitizens": "У вас нет граждан",
    "viewCitizen": "Просмотр",
    "weaponLicense": "Лицензии на оружие",
    "weight": "Вес",
  },
  "Common": {
    "accept": "Принять",
    "actions": "Действия",
    "cancel": "Отменить",
    "categories": "Категории",
    "citizen": "Гражданин",
    "continue": "Продолжить",
    "create": "Создать",
    "createdAt": "Создан",
    "crop": "Обрезка",
    "cropImage": "Обрезать изображение",
    "decline": "Отклонить",
    "delete": "Удалить",
    "description": "Описание",
    "disabled": "Выключить",
    "edit": "Редактировать",
    "enabled": "Включить",
    "error": "Произошла непредвиденная ошибка",
    "events": "События",
    "hide": "Скрыть",
    "image": "Изображение",
    "imgur": "Ссылка на imgur",
    "insufficientPermissions": "Недостаточно прав",
    "manage": "Управлять",
    "name": "Название",
    "no": "Нет",
    "noOptions": "Нет вариантов",
    "none": "Не указан",
    "off": "Выкл",
    "on": "Вкл",
    "optionalField": "Опционально",
    "postal": "Почтовый код",
    "reason": "Причина",
    "reset": "Сброс",
    "roleplayStopped": "Администрация запретила отыгрыш РП.",
    "save": "Сохранить",
    "search": "Поиск",
    "show": "Показать",
    "stopRoleplay": "Остановить РП",
    "title": "Заголовок",
    "type": "Тип",
    "updatedAt": "Изменен",
    "view": "Просмотр",
    "viewDescription": "Просмотр описания",
    "yes": "Да",
  },
  "Errors": {
    "Error": "Произошла непредвиденная ошибка. Пожалуйста, сообщите об этой проблеме администратору или попробуйте позже.",
    "Invalid Permissions": "У вас нет прав для использования этого маршрута API.",
    "NOT_FOUND": "Запрошенная запись или страница не найдены. Пожалуйста, попробуйте обновить страницу или попробуйте позже.",
    "Network Error": "Не удалось получить доступ к API из-за сетевой ошибки. Убедитесь, что API находится в сети и что вы подключены к интернету.",
    "allowRegularLoginIsDisabled": "Обычный вход отключен. Пожалуйста, используйте Discord OAuth",
    "alreadyInThisBusiness": "Вы уже работаете в этой компании.",
    "businessCreatedButPending": "Компания создана, но ожидает подтверждения от администратора.",
    "businessIsPending": "Эта компания ожидает подтверждения. Попробуйте позже",
    "cannotRegisterFirstWithDiscord": "Первый аккаунт должен быть зарегистрирован без Discord. Вы можете привязать Discord после создания учетной записи.",
    "citizenNotFound": "Гражданин не найден",
    "currentPasswordIncorrect": "Неверный пароль",
    "dateLargerThanNow": "Пожалуйста, укажите дату меньше, чем сегодняшняя.",
    "discordAccountAlreadyLinked": "Этот Discord аккаунт уже привязан к другому пользователю.",
    "discordIdInUse": "Этот Discord ID уже подключен к другому пользователю.",
    "discordNameInUse": "Нельзя создать нового пользователя с таким Discord, поскольку имя уже используется.",
    "divisionNotInDepartment": "Такого подразделения в департаменте нет.",
    "insufficientPermissions": "Недостаточно прав",
    "invalidImageType": "Поддерживаются только типы image/png, image/jpeg, image/jpg и image/gif",
    "invalidRegistrationCode": "Неверный код регистрации.",
    "maxBusinessesLength": "Вы достигли максимального количества компаний для гражданина.",
    "maxCitizensPerUserReached": "Достигнут максимальный лимит по количеству граждан.",
    "maxDepartmentsReachedPerUser": "Достигнуто максимальное количество юнитов для департамента. Пожалуйста, выберите другой департамент или попробуйте позже.",
    "maxDivisionsReached": "Достигнут максимальный лимит по количеству подразделений для офицера.",
    "maxLimitOfficersPerUserReached": "Достигнут максимальный лимит по количеству офицеров.",
    "mustSetBotTokenGuildId": "Эта функция не может быть использована, так как \`BOT_TOKEN\` или \`GUILD_ID\` не указаны. Пожалуйста, прочтите, как включить поддержку ролей Discord: https://cad-docs.caspertheghost.me/docs/discord-integration/discord-roles",
    "nameAlreadyTaken": "Гражданин с таким полным именем уже существует.",
    "notFound": "Запись не найдена.",
    "officerAlreadyMerged": "Юнит уже отмечен, как парный.",
    "officerIsCombined": "Этот офицер используется в парном юните и не может быть использован отдельно сейчас.",
    "passwordIncorrect": "Введенный пароль неверен.",
    "passwordsDoNotMatch": "Пароли не совпадают",
    "plateAlreadyInUse": "Номерной знак уже используется.",
    "recordOrWarrantAlreadyLinked": "Запись/ордер уже запрошены. Пожалуйста, удалите запрошенную запись/ордер.",
    "selectImageFirst": "Сначала выберите изображение.",
    "totpCodeRequired": "Введите 2FA код",
    "unitSuspended": "Юнит заблокирован. Свяжитесь с супервайзером.",
    "unknown": "Произошла непредвиденная ошибка",
    "userAlreadyExists": "Пользователь с таким именем уже существует.",
    "userBanned": "Пользователь забанен в CAD.",
    "userDeleted": "Пользователь удален из CAD.",
    "userNotFound": "Пользователь не найден.",
    "whitelistDeclined": "Доступ к CAD отклонен.",
    "whitelistPending": "Пользователь ожидает подтверждения для доступа к CAD.",
  },
  "MedicalRecords": {
    "addMedicalRecord": "Добавить медицинскую запись",
    "alert_deleteMedicalRecord": "Вы уверены, что хотите удалить эту медицинскую запись? Это действие необратимо.",
    "bloodGroup": "Группа крови",
    "citizen": "Гражданин",
    "deleteMedicalRecord": "Удалить медицинскую запись",
    "diseases": "Заболевания",
    "editMedicalRecord": "Редактировать медицинскую запись",
    "noMedicalRecords": "У вас нет медицинских записей",
    "yourMedicalRecords": "Медицинские записи",
  },
  "Nav": {
    "account": "Аккаунт",
    "admin": "Администратор",
    "bleeter": "Bleeter",
    "business": "Компания",
    "callHistory": "История вызовов",
    "citizen": "Гражданин",
    "citizenLogs": "Журнал граждан",
    "citizens": "Граждане",
    "courthouse": "Суд",
    "dashboard": "Панель управления",
    "dispatch": "Диспетчер",
    "emsFd": "EMS/FD",
    "impoundLot": "Штрафстоянки",
    "incidents": "Инциденты",
    "jail": "Тюрьма",
    "liveMap": "Live Map",
    "login": "Вход",
    "logout": "Выход",
    "manageUnits": "Управление юнитами",
    "myDeputies": "Сотрудники",
    "myOfficerLogs": "Журнал офицеров",
    "myOfficers": "Офицеры",
    "officer": "Офицер",
    "register": "Регистрация",
    "taxi": "Такси",
    "tow": "Эвакуатор",
    "towLogs": "Журнал эвакуации",
    "truckLogs": "Журнал грузоперевозок",
  },
  "Vehicles": {
    "addVehicle": "Добавить транспорт",
    "alert_deleteVehicle": "Вы уверены, что хотите удалить транспорт? Это действие необратимо.",
    "business": "Компания",
    "color": "Цвет",
    "deleteVehicle": "Удалить транспорт",
    "insuranceStatus": "Статус страховки",
    "model": "Модель",
    "noVehicles": "У вас нет транспорта.",
    "owner": "Владелец",
    "plate": "Номерной знак",
    "registeredVehicles": "Зарегистрированный транспорт",
    "registrationStatus": "Статус регистрации",
    "reportAsStolen": "Отметить, как угнанный",
    "vinNumber": "VIN",
    "yourVehicles": "Ваш транспорт",
  },
  "Weapons": {
    "addWeapon": "Добавить оружие",
    "alert_deleteWeapon": "Вы уверены, что хотите удалить это оружие? Это действие необратимо.",
    "deleteWeapon": "Удалить оружие",
    "model": "Модель",
    "noWeapons": "У вас нет зарегистрированного оружия.",
    "registeredWeapons": "Зарегистрированное оружие",
    "registrationStatus": "Статус регистрации",
    "serialNumber": "Серийный номер",
    "yourWeapons": "Ваше оружие",
  },
}
`;
